[2024-11-06 00:23:42:387 ] [main] INFO  [org.springframework.boot.StartupInfoLogger.logStarting:50] - Starting GoSocketBeApplication using Java 17.0.11 with PID 30595 (/Users/ace-oyc/Study/Go-Socket-BE/out/production/classes started by ace-oyc in /Users/ace-oyc/Study/Go-Socket-BE)
[2024-11-06 00:23:42:388 ] [main] DEBUG [org.springframework.boot.StartupInfoLogger.logStarting:51] - Running with Spring Boot v3.3.4, Spring v6.1.13
[2024-11-06 00:23:42:388 ] [main] INFO  [org.springframework.boot.SpringApplication.logStartupProfileInfo:660] - The following 1 profile is active: "local"
[2024-11-06 00:23:42:678 ] [main] INFO  [org.springframework.data.repository.config.RepositoryConfigurationDelegate.registerRepositoriesIn:143] - Bootstrapping Spring Data JPA repositories in DEFAULT mode.
[2024-11-06 00:23:42:688 ] [main] INFO  [org.springframework.data.repository.config.RepositoryConfigurationDelegate.registerRepositoriesIn:211] - Finished Spring Data repository scanning in 6 ms. Found 0 JPA repository interfaces.
[2024-11-06 00:23:42:964 ] [main] INFO  [org.springframework.boot.web.embedded.tomcat.TomcatWebServer.initialize:111] - Tomcat initialized with port 8080 (http)
[2024-11-06 00:23:42:972 ] [main] INFO  [org.apache.juli.logging.DirectJDKLog.log:173] - Starting service [Tomcat]
[2024-11-06 00:23:42:972 ] [main] INFO  [org.apache.juli.logging.DirectJDKLog.log:173] - Starting Servlet engine: [Apache Tomcat/10.1.30]
[2024-11-06 00:23:42:998 ] [main] INFO  [org.apache.juli.logging.DirectJDKLog.log:173] - Initializing Spring embedded WebApplicationContext
[2024-11-06 00:23:42:998 ] [main] INFO  [org.springframework.boot.web.servlet.context.ServletWebServerApplicationContext.prepareWebApplicationContext:296] - Root WebApplicationContext: initialization completed in 591 ms
[2024-11-06 00:23:42:1073] [main] INFO  [org.hibernate.jpa.internal.util.LogHelper.logPersistenceUnitInformation:31] - HHH000204: Processing PersistenceUnitInfo [name: default]
[2024-11-06 00:23:42:1105] [main] INFO  [org.hibernate.Version.logVersion:44] - HHH000412: Hibernate ORM core version 6.5.3.Final
[2024-11-06 00:23:43:1122] [main] INFO  [org.hibernate.cache.internal.RegionFactoryInitiator.initiateService:50] - HHH000026: Second-level cache disabled
[2024-11-06 00:23:43:1289] [main] INFO  [org.springframework.orm.jpa.persistenceunit.SpringPersistenceUnitInfo.addTransformer:87] - No LoadTimeWeaver setup: ignoring JPA class transformer
[2024-11-06 00:23:43:1305] [main] INFO  [com.zaxxer.hikari.HikariDataSource.getConnection:109] - HikariPool-1 - Starting...
[2024-11-06 00:23:43:1547] [main] INFO  [com.zaxxer.hikari.pool.HikariPool.checkFailFast:554] - HikariPool-1 - Added connection com.mysql.cj.jdbc.ConnectionImpl@2a425cf5
[2024-11-06 00:23:43:1548] [main] INFO  [com.zaxxer.hikari.HikariDataSource.getConnection:122] - HikariPool-1 - Start completed.
[2024-11-06 00:23:43:1819] [main] INFO  [org.hibernate.engine.transaction.jta.platform.internal.JtaPlatformInitiator.initiateService:59] - HHH000489: No JTA platform available (set 'hibernate.transaction.jta.platform' to enable JTA platform integration)
[2024-11-06 00:23:43:1821] [main] INFO  [org.springframework.orm.jpa.AbstractEntityManagerFactoryBean.buildNativeEntityManagerFactory:437] - Initialized JPA EntityManagerFactory for persistence unit 'default'
[2024-11-06 00:23:43:1848] [main] WARN  [org.springframework.boot.autoconfigure.orm.jpa.JpaBaseConfiguration$JpaWebConfiguration.openEntityManagerInViewInterceptor:236] - spring.jpa.open-in-view is enabled by default. Therefore, database queries may be performed during view rendering. Explicitly configure spring.jpa.open-in-view to disable this warning
[2024-11-06 00:23:43:1898] [main] DEBUG [org.springframework.web.servlet.handler.AbstractHandlerMethodMapping.handlerMethodsInitialized:366] - 2 mappings in 'requestMappingHandlerMapping'
[2024-11-06 00:23:43:1941] [main] DEBUG [org.springframework.web.servlet.handler.SimpleUrlHandlerMapping.logMappings:187] - Patterns [/webjars/**, /**] in 'resourceHandlerMapping'
[2024-11-06 00:23:43:1961] [main] DEBUG [org.springframework.web.servlet.mvc.method.annotation.RequestMappingHandlerAdapter.initControllerAdviceCache:634] - ControllerAdvice beans: 0 @ModelAttribute, 0 @InitBinder, 1 RequestBodyAdvice, 1 ResponseBodyAdvice
[2024-11-06 00:23:43:1983] [main] DEBUG [org.springframework.web.servlet.mvc.method.annotation.ExceptionHandlerExceptionResolver.initExceptionHandlerAdviceCache:305] - ControllerAdvice beans: 0 @ExceptionHandler, 1 ResponseBodyAdvice
[2024-11-06 00:23:43:2065] [main] INFO  [org.springframework.boot.web.embedded.tomcat.TomcatWebServer.start:243] - Tomcat started on port 8080 (http) with context path '/'
[2024-11-06 00:23:43:2072] [main] INFO  [org.springframework.boot.StartupInfoLogger.logStarted:56] - Started GoSocketBeApplication in 1.977 seconds (process running for 2.28)
[2024-11-06 00:23:48:6703] [SpringApplicationShutdownHook] INFO  [org.springframework.orm.jpa.AbstractEntityManagerFactoryBean.destroy:650] - Closing JPA EntityManagerFactory for persistence unit 'default'
[2024-11-06 00:23:48:6706] [SpringApplicationShutdownHook] INFO  [com.zaxxer.hikari.HikariDataSource.close:349] - HikariPool-1 - Shutdown initiated...
[2024-11-06 00:23:48:6710] [SpringApplicationShutdownHook] INFO  [com.zaxxer.hikari.HikariDataSource.close:351] - HikariPool-1 - Shutdown completed.
